---
source: shellfirm/tests/checks.rs
expression: test_file_results
---
[
    TestSensitivePatternsResult {
        file_path: "virtualization-vmware_stop_vm.yaml",
        test: "vmware-cmd /path/to/vm.vmx stop hard",
        check_detection_ids: [],
        test_description: "match vmware stop hard",
    },
    TestSensitivePatternsResult {
        file_path: "virtualization-vmware_stop_vm.yaml",
        test: "sudo vmware-cmd /path/to/vm.vmx stop",
        check_detection_ids: [],
        test_description: "match vmware stop with sudo",
    },
    TestSensitivePatternsResult {
        file_path: "virtualization-vmware_stop_vm.yaml",
        test: "vmware-cmd /path/to/vm.vmx start",
        check_detection_ids: [],
        test_description: "should not match start command",
    },
]
